#./src/main/resources/Entities.map
#Tue Apr 23 11:10:06 CEST 2019

application4=229
application3=228
application2=227
application1=226
socialProfile11=209
socialProfile10=208
educationData11=149
finder3=197
educationData10=148
finder2=196
finder1=195
miscellaniusData11=155
miscellaniusData10=154
actor8=191
actor7=194
actor6=193
actor5=192
actor4=190
personalData6=183
actor3=189
personalData5=178
personalData4=173
actor2=188
personalData3=168
actor1=187
personalData2=163
personalData1=143
spamWord9=250
spamWord8=249
spamWord7=248
spamWord6=247
spamWord5=246
spamWord4=245
spamWord3=244
spamWord2=243
spamWord1=242
socialProfile9=207
socialProfile8=206
socialProfile7=205
socialProfile6=204
socialProfile5=203
socialProfile4=202
socialProfile3=201
socialProfile2=200
socialProfile1=199
position8=217
problem8=225
position7=216
problem7=224
position6=215
problem6=223
position5=214
problem5=222
position4=213
problem4=221
position3=212
curriculum6=182
problem3=220
position2=211
curriculum5=177
problem2=219
position1=210
curriculum4=172
problem1=218
curriculum3=167
curriculum2=162
curriculum1=142
configurationParameters=198
positionData9=159
positionData8=158
positionData7=157
positionData6=186
creditCard8=141
positionData5=181
creditCard7=140
positionData4=176
creditCard6=139
positionData3=171
creditCard5=138
positionData2=166
creditCard4=137
positionData1=156
creditCard3=136
creditCard2=135
creditCard1=134
message12=241
educationData9=147
message11=239
educationData8=146
message10=237
educationData7=145
educationData6=184
educationData5=179
educationData4=174
educationData3=169
educationData2=164
educationData1=144
message9=235
message8=233
message7=231
message6=240
message5=238
message4=236
message3=234
message2=232
message1=230
positionData11=161
positionData10=160
miscellaniusData9=153
miscellaniusData8=152
miscellaniusData7=151
miscellaniusData6=185
miscellaniusData5=180
miscellaniusData4=175
miscellaniusData3=170
miscellaniusData2=165
miscellaniusData1=150
userAccount8=133
userAccount7=132
userAccount6=131
userAccount5=130
userAccount4=129
userAccount3=128
userAccount2=127
userAccount1=126
