#./src/main/resources/Entities.map
#Sun Apr 14 17:15:35 CEST 2019
application4=559
application3=588
application2=587
application1=586
socialProfile11=542
socialProfile10=541
finder3=530
finder2=529
finder1=528
actor8=524
actor7=527
actor6=526
actor5=525
actor4=523
personalData6=516
actor3=522
personalData5=511
personalData4=507
actor2=521
personalData3=503
actor1=520
personalData2=499
personalData1=495
spamWord9=580
spamWord8=579
spamWord7=578
spamWord6=577
spamWord5=576
spamWord4=575
spamWord3=574
spamWord2=573
spamWord1=572
socialProfile9=540
socialProfile8=539
socialProfile7=538
socialProfile6=537
socialProfile5=536
socialProfile4=535
socialProfile3=534
socialProfile2=533
socialProfile1=532
position8=550
problem8=558
position7=549
problem7=557
position6=548
problem6=556
position5=547
problem5=555
position4=546
problem4=554
curriculum6=515
position3=545
curriculum5=585
problem3=553
position2=544
curriculum4=584
problem2=552
position1=543
curriculum3=583
problem1=551
curriculum2=582
curriculum1=581
configurationParameters=531
positionData6=519
creditCard8=494
positionData5=514
creditCard7=493
positionData4=510
creditCard6=492
positionData3=506
creditCard5=491
positionData2=502
creditCard4=490
positionData1=498
creditCard3=489
creditCard2=488
creditCard1=487
message12=571
message11=569
message10=567
educationData6=517
educationData5=512
educationData4=508
educationData3=504
educationData2=500
educationData1=496
message9=565
message8=563
message7=561
message6=570
message5=568
message4=566
message3=564
message2=562
message1=560
miscellaniusData6=518
miscellaniusData5=513
miscellaniusData4=509
miscellaniusData3=505
miscellaniusData2=501
miscellaniusData1=497
userAccount8=486
userAccount7=485
userAccount6=484
userAccount5=483
userAccount4=482
userAccount3=481
userAccount2=480
userAccount1=479
