#./src/main/resources/Entities.map
#Tue Apr 16 15:06:24 CEST 2019
application4=199
application3=198
application2=197
application1=196
socialProfile11=179
socialProfile10=178
finder3=167
finder2=166
finder1=165
actor8=161
actor7=164
actor6=163
actor5=162
actor4=160
personalData6=153
actor3=159
personalData5=148
personalData4=143
actor2=158
personalData3=138
actor1=157
personalData2=133
personalData1=128
spamWord9=220
spamWord8=219
spamWord7=218
spamWord6=217
spamWord5=216
spamWord4=215
spamWord3=214
spamWord2=213
spamWord1=212
socialProfile9=177
socialProfile8=176
socialProfile7=175
socialProfile6=174
socialProfile5=173
socialProfile4=172
socialProfile3=171
socialProfile2=170
socialProfile1=169
position8=187
problem8=195
position7=186
problem7=194
position6=185
problem6=193
position5=184
problem5=192
position4=183
problem4=191
position3=182
curriculum6=152
problem3=190
position2=181
curriculum5=147
problem2=189
position1=180
curriculum4=142
problem1=188
curriculum3=137
curriculum2=132
curriculum1=127
configurationParameters=168
positionData6=156
creditCard8=126
positionData5=151
creditCard7=125
positionData4=146
creditCard6=124
positionData3=141
creditCard5=123
positionData2=136
creditCard4=122
positionData1=131
creditCard3=121
creditCard2=120
creditCard1=119
message12=211
message11=209
message10=207
educationData6=154
educationData5=149
educationData4=144
educationData3=139
educationData2=134
educationData1=129
message9=205
message8=203
message7=201
message6=210
message5=208
message4=206
message3=204
message2=202
message1=200
miscellaniusData6=155
miscellaniusData5=150
miscellaniusData4=145
miscellaniusData3=140
miscellaniusData2=135
miscellaniusData1=130
userAccount8=118
userAccount7=117
userAccount6=116
userAccount5=115
userAccount4=114
userAccount3=113
userAccount2=112
userAccount1=111
